#Tests for the size of a medium dataset, the number of nodes, from mediumSizeSuperheroes.tsv
#mediumSizeSuperheroes.tsv should be a valid file under the marvel data folder

loaded graph mediumHeroes
size of mediumHeroes is 14