#Tests if node is in medium dataset, from mediumSizeSuperheroes.tsv
#mediumSizeSuperheroes.tsv should be a valid file under the marvel data folder

loaded graph mediumHeroes
mediumHeroes does not contain may ki