#Tests for the edgeCount of a large dataset, from marvel.tsv
#marvel.tsv should be a valid file under the marvel data folder

loaded graph largeHeroes
Number of edges in largeHeroes is: 1139314