#Tests for the size of a large dataset, the number of nodes, from marvel.tsv
#marvel.tsv should be a valid file under the marvel data folder

loaded graph largeHeroes
size of largeHeroes is 6445