#Create a graph
created graph graph1

#Add a node to graph
added node n1 to graph1

#List nodes in graph
graph1 contains: n1