#Create a graph
created graph graph1

#Add a node to graph
added node n1 to graph1

#Checks if empty, when it isn't empty
graph1 is not empty