#Create a graph
created graph graph1

#List nodes in graph
graph1 contains: