#Create a graph
created graph graph1

#Add a pair of nodes to the graph
added node n1 to graph1
added node n2 to graph1

#Add an edge to the graph
added edge e1 from n1 to n2 in graph1

#Removes an edge from the graph
removed edge e1 from n1 to n2 in graph1

#Adds an edge to the graph
added edge e1 from n1 to n2 in graph1