#Create a graph
created graph graph1

#Add three non-same nodes to the graph
added node n1 to graph1
added node n2 to graph1
added node n3 to graph1

#Add a pair of edges with the same parent to the graph
added edge e1 from n1 to n2 in graph1
added edge e2 from n1 to n3 in graph1

#Removes a pair of edges with the same parent from the graph
removed edge e1 from n1 to n2 in graph1
removed edge e2 from n1 to n3 in graph1