#Create a graph
created graph graph1

#Add a node to graph
added node n1 to graph1

#Remove a node from the graph
removed node n1 from graph1

#Gets size of an empty graph
size of graph1 is 0