#Create a graph
created graph graph1

#Add a pair of nodes to the graph
added node n1 to graph1
added node n2 to graph1

#Add a pair of edges with the same parent-child to the graph, diff labels
added edge e1 from n1 to n2 in graph1
added edge e2 from n1 to n2 in graph1