#Create a graph
created graph graph1

#Add a node to graph
added node n1 to graph1

#Gets size of one-node graph
size of graph1 is 1